global: <
  chain_id: 1
  datadir: "data.db"
>
network: <
  listen: "127.0.0.1:9900"
  listen: "127.0.0.1:9910"
  route_table_sync_loop_interval: 50
>
chain: <
>
rpc: <
  rpc_listen: "127.0.0.1:9920"
  http_listen: "127.0.0.1:9921"
>
stats: <
  influxdb: <
  >
>
misc: <
>
app: <
  log_level: "debug"
  log_file: "logs"
  pprof: <
  >
>
sync: <
  seeding_min_chunk_size: 10
  seeding_max_chunk_size: 100
  seeding_max_concurrent_peers: 5
  download_chunk_size: 50
  download_max_concurrent_tasks: 5
  download_chunk_cache_size: 100
>
